src/it/resources/result/all_datatypes/cpp-headers/all_datatypes.hpp
src/it/resources/result/all_datatypes/java/AllDatatypes.java
src/it/resources/result/all_datatypes/jni-headers/all_datatypes.hpp
src/it/resources/result/all_datatypes/jni/all_datatypes.cpp
src/it/resources/result/all_datatypes/objc-headers/ITAllDatatypes.h
src/it/resources/result/all_datatypes/objc/ITAllDatatypes.mm
src/it/resources/result/all_datatypes/objcpp/ITAllDatatypes+Private.h
src/it/resources/result/all_datatypes/objcpp/ITAllDatatypes+Private.mm
src/it/resources/result/all_datatypes/cppcli/AllDatatypes.hpp
src/it/resources/result/all_datatypes/cppcli/AllDatatypes.cpp
src/it/resources/result/all_datatypes/python/dh__list_bool.py
src/it/resources/result/all_datatypes/python/dh__set_bool.py
src/it/resources/result/all_datatypes/python/dh__map_int8_t_bool.py
src/it/resources/result/all_datatypes/python/all_datatypes.py
src/it/resources/result/all_datatypes/python/all_datatypes_helper.py
src/it/resources/result/all_datatypes/cwrapper-headers/dh__list_bool.h
src/it/resources/result/all_datatypes/cwrapper/dh__list_bool.hpp
src/it/resources/result/all_datatypes/cwrapper/dh__list_bool.cpp
src/it/resources/result/all_datatypes/cwrapper-headers/dh__set_bool.h
src/it/resources/result/all_datatypes/cwrapper/dh__set_bool.hpp
src/it/resources/result/all_datatypes/cwrapper/dh__set_bool.cpp
src/it/resources/result/all_datatypes/cwrapper-headers/dh__map_int8_t_bool.h
src/it/resources/result/all_datatypes/cwrapper/dh__map_int8_t_bool.hpp
src/it/resources/result/all_datatypes/cwrapper/dh__map_int8_t_bool.cpp
src/it/resources/result/all_datatypes/cwrapper-headers/dh__all_datatypes.h
src/it/resources/result/all_datatypes/cwrapper/dh__all_datatypes.hpp
src/it/resources/result/all_datatypes/cwrapper/dh__all_datatypes.cpp
