src/it/resources/result/cpp_dependent_interface/cpp-headers/dependent_interface.hpp
