src/it/resources/result/my_enum/cpp-headers/my_enum.hpp
src/it/resources/result/my_enum/java/MyEnum.java
src/it/resources/result/my_enum/jni-headers/my_enum.hpp
src/it/resources/result/my_enum/objc-headers/ITMyEnum.h
src/it/resources/result/my_enum/objcpp/ITMyEnum+Private.h
src/it/resources/result/my_enum/cppcli/MyEnum.hpp
src/it/resources/result/my_enum/cppcli/MyEnum.cpp
src/it/resources/result/my_enum/python/my_enum.py
src/it/resources/result/my_enum/cwrapper-headers/dh__my_enum.h
src/it/resources/result/my_enum/cwrapper/dh__my_enum.hpp
src/it/resources/result/my_enum/cwrapper/dh__my_enum.cpp
