src/it/resources/result/deprecation/cpp-headers/my_enum.hpp
src/it/resources/result/deprecation/cpp-headers/my_flags.hpp
src/it/resources/result/deprecation/cpp-headers/my_record.hpp
src/it/resources/result/deprecation/cpp-headers/my_interface.hpp
src/it/resources/result/deprecation/cpp/my_interface.cpp
src/it/resources/result/deprecation/ts/support-lib/DjinniModule.ts
src/it/resources/result/deprecation/ts/support-lib/DjinniModule.js
src/it/resources/result/deprecation/ts/module.ts

