src/it/resources/result/my_record/cpp-headers/my_record.hpp
src/it/resources/result/my_record/cpp/my_record.cpp
src/it/resources/result/my_record/java/MyRecord.java
src/it/resources/result/my_record/jni/djinni_jni_main.cpp
src/it/resources/result/my_record/jni-headers/my_record.hpp
src/it/resources/result/my_record/jni/my_record.cpp
src/it/resources/result/my_record/objc-headers/ITMyRecord.h
src/it/resources/result/my_record/objc/ITMyRecord.mm
src/it/resources/result/my_record/objcpp-headers/ITMyRecord+Private.h
src/it/resources/result/my_record/objcpp/ITMyRecord+Private.mm
src/it/resources/result/my_record/objc-headers/bridging-header.h
src/it/resources/result/my_record/cppcli/MyRecord.hpp
src/it/resources/result/my_record/cppcli/MyRecord.cpp
src/it/resources/result/my_record/python/dh__set_string.py
src/it/resources/result/my_record/python/dh__map_string_int32_t.py
src/it/resources/result/my_record/python/my_record.py
src/it/resources/result/my_record/python/my_record_helper.py
src/it/resources/result/my_record/cwrapper-headers/dh__set_string.h
src/it/resources/result/my_record/cwrapper/dh__set_string.hpp
src/it/resources/result/my_record/cwrapper/dh__set_string.cpp
src/it/resources/result/my_record/cwrapper-headers/dh__map_string_int32_t.h
src/it/resources/result/my_record/cwrapper/dh__map_string_int32_t.hpp
src/it/resources/result/my_record/cwrapper/dh__map_string_int32_t.cpp
src/it/resources/result/my_record/cwrapper-headers/dh__my_record.h
src/it/resources/result/my_record/cwrapper/dh__my_record.hpp
src/it/resources/result/my_record/cwrapper/dh__my_record.cpp
