src/it/resources/result/using_custom_datatypes/cpp-headers/custom_datatype.hpp
src/it/resources/result/using_custom_datatypes/cpp-headers/other_record.hpp
src/it/resources/result/using_custom_datatypes/java/CustomDatatype.java
src/it/resources/result/using_custom_datatypes/java/OtherRecord.java
src/it/resources/result/using_custom_datatypes/jni-headers/custom_datatype.hpp
src/it/resources/result/using_custom_datatypes/jni/custom_datatype.cpp
src/it/resources/result/using_custom_datatypes/jni-headers/other_record.hpp
src/it/resources/result/using_custom_datatypes/jni/other_record.cpp
src/it/resources/result/using_custom_datatypes/objc-headers/ITCustomDatatype.h
src/it/resources/result/using_custom_datatypes/objc/ITCustomDatatype.mm
src/it/resources/result/using_custom_datatypes/objc-headers/ITOtherRecord.h
src/it/resources/result/using_custom_datatypes/objc/ITOtherRecord.mm
src/it/resources/result/using_custom_datatypes/objcpp/ITCustomDatatype+Private.h
src/it/resources/result/using_custom_datatypes/objcpp/ITCustomDatatype+Private.mm
src/it/resources/result/using_custom_datatypes/objcpp/ITOtherRecord+Private.h
src/it/resources/result/using_custom_datatypes/objcpp/ITOtherRecord+Private.mm
src/it/resources/result/using_custom_datatypes/cppcli/CustomDatatype.hpp
src/it/resources/result/using_custom_datatypes/cppcli/CustomDatatype.cpp
src/it/resources/result/using_custom_datatypes/cppcli/OtherRecord.hpp
src/it/resources/result/using_custom_datatypes/cppcli/OtherRecord.cpp
src/it/resources/result/using_custom_datatypes/python/custom_datatype.py
src/it/resources/result/using_custom_datatypes/python/custom_datatype_helper.py
src/it/resources/result/using_custom_datatypes/python/other_record.py
src/it/resources/result/using_custom_datatypes/python/other_record_helper.py
src/it/resources/result/using_custom_datatypes/cwrapper-headers/dh__custom_datatype.h
src/it/resources/result/using_custom_datatypes/cwrapper/dh__custom_datatype.hpp
src/it/resources/result/using_custom_datatypes/cwrapper/dh__custom_datatype.cpp
src/it/resources/result/using_custom_datatypes/cwrapper-headers/dh__other_record.h
src/it/resources/result/using_custom_datatypes/cwrapper/dh__other_record.hpp
src/it/resources/result/using_custom_datatypes/cwrapper/dh__other_record.cpp
