src/it/resources/result/my_record_default_ctor/cpp-headers/my_record_default_ctor.hpp
